{
  "val_1": "app.name",
  "val_2": "Area 51",
  "val_3": "add",

  "val_4": "app.insert",
  "val_5": "app.insert",

  "val_6": "Hello a, b, c and d",

  "val_7": "app.child",
  "val_8": "app.child",

  "val_9": "app.friend_context",
  "val_10": "app.friend_context",

  "val_11": "District 9 ist spassiger als Area 51",
  "val_12": "Room 21"
}