{
  "val_1": "common name",
  "val_2": "en:: Area 51",
  "val_3": "common add",

  "val_4": "app.insert",
  "val_5": "app.insert",

  "val_6": "common Hello a, b, c and d",

  "val_7": "common 1 child",
  "val_8": "common 3 children",

  "val_9": "app.friend_context",
  "val_10": "app.friend_context",

  "val_11": "en:: District 9 is more fun than en:: Area 51",
  "val_12": "Room 21"
}