{
  "val_1": "app.name",
  "val_2": "app.area",
  "val_3": "add",

  "val_4": "app.insert",
  "val_5": "app.insert",

  "val_6": "Hello a, b, c and d",

  "val_7": "1 child",
  "val_8": "3 children",

  "val_9": "app.friend_context",
  "val_10": "app.friend_context",

  "val_11": "app.district",
  "val_12": "Room 21"
}