{
  "val_1": "i18n",
  "val_2": "Area 51",
  "val_3": "add",

  "val_4": "du bist great",
  "val_5": "du bist great",

  "val_6": "Hello a, b, c and d",

  "val_7": "1 Kind",
  "val_8": "3 Kinder",

  "val_9": "Ein Freund",
  "val_10": "Eine Freundin",

  "val_11": "District 9 ist spassiger als Area 51",
  "val_12": "Room 21"
}